// Jest Snapshot v1, https://goo.gl/fbAQLP

exports[`LoginPage renders correctly 1`] = `
<div
  className="container"
>
  <div
    className="leftpane"
  />
  <div
    className="middlepane"
  />
  <div
    className="rightpane"
  >
    <h1>
      Manatee
    </h1>
    <h3>
      A simple chat app
    </h3>
    <div
      className="send-name"
    >
       
      <input
        onChange={[Function]}
        onKeyPress={[Function]}
        placeholder="Enter your name"
        type="text"
        value=""
      />
       
    </div>
    <div
      id="extra"
    >
      <p>
         or 
      </p>
      <button
        className="container-google-color"
      >
        <img
          alt="google_logo"
          src="google_logo.svg"
        />
        <div
          className="container-google-text"
        >
           
          Sign in with Google account
           
        </div>
      </button>
      <div
        className="empty-space"
      />
      <button
        className="container-facebook-color"
      >
        <img
          alt="facebook_logo"
          src="facebook_logo.svg"
        />
        <div
          className="container-facebook-text"
        >
           
          Sign in with Facebook account
           
        </div>
      </button>
    </div>
    <BrowserRouter>
      <Link
        id="submit"
        replace={false}
        to={
          Object {
            "pathname": "/public-room",
            "state": Object {
              "fromUserName": "",
            },
          }
        }
      />
    </BrowserRouter>
  </div>
</div>
`;
