// Jest Snapshot v1, https://goo.gl/fbAQLP

exports[`SendMessage renders correctly 1`] = `
<div
  className="message-list"
>
  <div
    className="date"
  >
    <div
      className="date-text"
    >
       
       
    </div>
  </div>
  <div
    className="message-slot"
    key="0"
  >
    <div
      className="message-sender"
    >
      test
    </div>
    <MessageBubble
      message="Hello"
      time="15:30"
    />
  </div>
</div>
`;
